Archive member included because of file (symbol)

/usr/local/arm-none-eabi/lib/libc.a(lib_a-memcpy.o)
                              /home/snigel/rpi/FreeRTOS/build/FreeRTOS/Source/queue.o (memcpy)
/usr/local/arm-none-eabi/lib/libc.a(lib_a-memset.o)
                              /home/snigel/rpi/FreeRTOS/build/FreeRTOS/Source/tasks.o (memset)
/usr/local/arm-none-eabi/lib/libc.a(lib_a-strncpy.o)
                              /home/snigel/rpi/FreeRTOS/build/FreeRTOS/Source/tasks.o (strncpy)

Allocating common symbols
Common symbol       size              file

ReadSemaphore       0x4               /home/snigel/rpi/FreeRTOS/build/Demo/Drivers/uart.o
WriteSemaphore      0x4               /home/snigel/rpi/FreeRTOS/build/Demo/Drivers/uart.o

Memory Configuration

Name             Origin             Length             Attributes
RESERVED         0x00000000         0x00008000         r
INIT_RAM         0x00008000         0x00008000         xrw
RAM              0x00010000         0x08000000         xrw
*default*        0x00000000         0xffffffff

Linker script and memory map

LOAD /home/snigel/rpi/FreeRTOS/build/FreeRTOS/Source/portable/GCC/RaspberryPi/port.o
LOAD /home/snigel/rpi/FreeRTOS/build/FreeRTOS/Source/portable/GCC/RaspberryPi/portisr.o
LOAD /home/snigel/rpi/FreeRTOS/build/FreeRTOS/Source/croutine.o
LOAD /home/snigel/rpi/FreeRTOS/build/FreeRTOS/Source/list.o
LOAD /home/snigel/rpi/FreeRTOS/build/FreeRTOS/Source/queue.o
LOAD /home/snigel/rpi/FreeRTOS/build/FreeRTOS/Source/tasks.o
LOAD /home/snigel/rpi/FreeRTOS/build//FreeRTOS/Source/portable/MemMang/heap_4.o
LOAD /home/snigel/rpi/FreeRTOS/build/Demo/startup.o
LOAD /home/snigel/rpi/FreeRTOS/build/Demo/Drivers/interrupts.o
LOAD /home/snigel/rpi/FreeRTOS/build/Demo/Drivers/gpio.o
LOAD /home/snigel/rpi/FreeRTOS/build/Demo/Drivers/uart.o
LOAD /home/snigel/rpi/FreeRTOS/build/Demo/stdio.o
LOAD /home/snigel/rpi/FreeRTOS/build/Demo/main.o

.init           0x00008000       0xa4
 *(.init)
 .init          0x00008000       0xa4 /home/snigel/rpi/FreeRTOS/build/Demo/startup.o
                0x00008000                _start

.module_entries
                0x000080a4        0x0
                0x000080a4                __module_entries_start = .
 *(.module_entries)
 *(.module_entries.*)
                0x000080a4                __module_entries_end = .
                0x00000000                __module_entries_size = SIZEOF (.module_entries)

.text           0x00010000     0x41c0
 *(.text)
 .text          0x00010000      0x35c /home/snigel/rpi/FreeRTOS/build/FreeRTOS/Source/portable/GCC/RaspberryPi/port.o
                0x00010000                pxPortInitialiseStack
                0x00010240                xPortStartScheduler
                0x0001025c                vPortEndScheduler
                0x00010270                vTickISR
 .text          0x0001035c      0x298 /home/snigel/rpi/FreeRTOS/build/FreeRTOS/Source/portable/GCC/RaspberryPi/portisr.o
                0x0001035c                vPortISRStartFirstTask
                0x000103f0                vPortYieldProcessor
                0x000104a0                vFreeRTOS_ISR
                0x0001054c                vPortEnterCritical
                0x0001058c                vPortExitCritical
 .text          0x000105f4      0x764 /home/snigel/rpi/FreeRTOS/build/FreeRTOS/Source/croutine.o
                0x000105f4                xCoRoutineCreate
                0x0001075c                vCoRoutineAddToDelayedList
                0x00010afc                vCoRoutineSchedule
                0x00010ccc                xCoRoutineRemoveFromEventList
 .text          0x00010d58      0x288 /home/snigel/rpi/FreeRTOS/build/FreeRTOS/Source/list.o
                0x00010d58                vListInitialise
                0x00010dbc                vListInitialiseItem
                0x00010de4                vListInsertEnd
                0x00010e78                vListInsert
                0x00010f4c                vListRemove
 .text          0x00010fe0      0xbbc /home/snigel/rpi/FreeRTOS/build/FreeRTOS/Source/queue.o
                0x00010fe0                xQueueGenericReset
                0x000110f4                xQueueGenericCreate
                0x000111bc                xQueueGenericSend
                0x00011368                xQueueGenericSendFromISR
                0x00011444                xQueueGenericReceive
                0x00011650                xQueueReceiveFromISR
                0x00011730                uxQueueMessagesWaiting
                0x00011764                uxQueueMessagesWaitingFromISR
                0x00011794                vQueueDelete
                0x00011ac8                xQueueIsQueueEmptyFromISR
                0x00011b54                xQueueIsQueueFullFromISR
 .text          0x00011b9c     0x18e0 /home/snigel/rpi/FreeRTOS/build/FreeRTOS/Source/tasks.o
                0x00011b9c                xTaskGenericCreate
                0x00011de4                vTaskDelete
                0x00011ee0                vTaskDelayUntil
                0x00011fec                vTaskDelay
                0x0001206c                uxTaskPriorityGet
                0x000120c4                vTaskPrioritySet
                0x00012268                vTaskSuspend
                0x00012368                xTaskIsTaskSuspended
                0x000123e4                vTaskResume
                0x000124d8                xTaskResumeFromISR
                0x000125f4                vTaskStartScheduler
                0x0001268c                vTaskEndScheduler
                0x000126c0                vTaskSuspendAll
                0x000126ec                xTaskResumeAll
                0x00012890                xTaskGetTickCount
                0x000128c4                xTaskGetTickCountFromISR
                0x000128fc                uxTaskGetNumberOfTasks
                0x00012920                vTaskIncrementTick
                0x00012b34                vTaskSetApplicationTaskTag
                0x00012b8c                xTaskGetApplicationTaskTag
                0x00012be8                xTaskCallApplicationTaskHook
                0x00012c64                vTaskSwitchContext
                0x00012d70                vTaskPlaceOnEventList
                0x00012e08                xTaskRemoveFromEventList
                0x00012f20                vTaskSetTimeOutState
                0x00012f64                xTaskCheckForTimeOut
                0x00013058                vTaskMissedYield
 .text          0x0001347c      0x4d4 /home/snigel/rpi/FreeRTOS/build//FreeRTOS/Source/portable/MemMang/heap_4.o
                0x0001347c                pvPortMalloc
                0x00013658                vPortFree
                0x000136d8                xPortGetFreeHeapSize
                0x000136fc                vPortInitialiseBlocks
 .text          0x00013950       0x18 /home/snigel/rpi/FreeRTOS/build/Demo/startup.o
 .text          0x00013968      0x358 /home/snigel/rpi/FreeRTOS/build/Demo/Drivers/interrupts.o
                0x000139a8                irqHandler
                0x00013ad8                InitInterruptController
                0x00013b54                RegisterInterrupt
                0x00013bb8                EnableInterrupt
                0x00013c34                DisableInterrupt
                0x00013c90                EnableInterrupts
                0x00013ca8                DisableInterrupts
 .text          0x00013cc0      0x17c /home/snigel/rpi/FreeRTOS/build/Demo/Drivers/gpio.o
                0x00013cc0                SetGpioFunction
                0x00013d9c                SetGpio
 .text          0x00013e3c      0x1b8 /home/snigel/rpi/FreeRTOS/build/Demo/Drivers/uart.o
                0x00013e3c                SetupUART
                0x00013ee8                WriteUART
                0x00013f78                ReadUART
 .text          0x00013ff4       0xa4 /home/snigel/rpi/FreeRTOS/build/Demo/stdio.o
                0x00013ff4                putchar
                0x0001401c                getchar
                0x00014034                puts
 .text          0x00014098      0x128 /home/snigel/rpi/FreeRTOS/build/Demo/main.o
                0x00014098                echo_task
                0x000140c4                led_task
                0x00014104                main
 .text          0x000141c0        0x0 /usr/local/arm-none-eabi/lib/libc.a(lib_a-memcpy.o)
 .text          0x000141c0        0x0 /usr/local/arm-none-eabi/lib/libc.a(lib_a-memset.o)
 .text          0x000141c0        0x0 /usr/local/arm-none-eabi/lib/libc.a(lib_a-strncpy.o)

.rodata         0x000141c0       0x5c
 .rodata        0x000141c0        0x4 /home/snigel/rpi/FreeRTOS/build/FreeRTOS/Source/portable/GCC/RaspberryPi/port.o
 .rodata        0x000141c4        0x8 /home/snigel/rpi/FreeRTOS/build/FreeRTOS/Source/tasks.o
 .rodata        0x000141cc        0x8 /home/snigel/rpi/FreeRTOS/build//FreeRTOS/Source/portable/MemMang/heap_4.o
 .rodata        0x000141d4        0x4 /home/snigel/rpi/FreeRTOS/build/Demo/Drivers/interrupts.o
 .rodata        0x000141d8        0x4 /home/snigel/rpi/FreeRTOS/build/Demo/Drivers/gpio.o
                0x000141d8                pRegs
 .rodata        0x000141dc       0x40 /home/snigel/rpi/FreeRTOS/build/Demo/main.o

.glue_7         0x0001421c        0x0
 .glue_7        0x00000000        0x0 linker stubs

.glue_7t        0x0001421c        0x0
 .glue_7t       0x00000000        0x0 linker stubs

.vfp11_veneer   0x0001421c        0x0
 .vfp11_veneer  0x00000000        0x0 linker stubs

.v4_bx          0x0001421c        0x0
 .v4_bx         0x00000000        0x0 linker stubs

.iplt           0x0001421c        0x0
 .iplt          0x00000000        0x0 /home/snigel/rpi/FreeRTOS/build/FreeRTOS/Source/portable/GCC/RaspberryPi/port.o

.text.memcpy    0x0001421c       0xf4
 .text.memcpy   0x0001421c       0xf4 /usr/local/arm-none-eabi/lib/libc.a(lib_a-memcpy.o)
                0x0001421c                memcpy

.text.memset    0x00014310       0xf8
 .text.memset   0x00014310       0xf8 /usr/local/arm-none-eabi/lib/libc.a(lib_a-memset.o)
                0x00014310                memset

.text.strncpy   0x00014408       0xc8
 .text.strncpy  0x00014408       0xc8 /usr/local/arm-none-eabi/lib/libc.a(lib_a-strncpy.o)
                0x00014408                strncpy

.rel.dyn        0x000144d0        0x0
 .rel.iplt      0x00000000        0x0 /home/snigel/rpi/FreeRTOS/build/FreeRTOS/Source/portable/GCC/RaspberryPi/port.o

.data           0x000144d0        0xc
 *(.data)
 .data          0x000144d0        0x0 /home/snigel/rpi/FreeRTOS/build/FreeRTOS/Source/portable/GCC/RaspberryPi/port.o
 .data          0x000144d0        0x4 /home/snigel/rpi/FreeRTOS/build/FreeRTOS/Source/portable/GCC/RaspberryPi/portisr.o
                0x000144d0                ulCriticalNesting
 .data          0x000144d4        0x0 /home/snigel/rpi/FreeRTOS/build/FreeRTOS/Source/croutine.o
 .data          0x000144d4        0x0 /home/snigel/rpi/FreeRTOS/build/FreeRTOS/Source/list.o
 .data          0x000144d4        0x0 /home/snigel/rpi/FreeRTOS/build/FreeRTOS/Source/queue.o
 .data          0x000144d4        0x4 /home/snigel/rpi/FreeRTOS/build/FreeRTOS/Source/tasks.o
 .data          0x000144d8        0x4 /home/snigel/rpi/FreeRTOS/build//FreeRTOS/Source/portable/MemMang/heap_4.o
 .data          0x000144dc        0x0 /home/snigel/rpi/FreeRTOS/build/Demo/startup.o
 .data          0x000144dc        0x0 /home/snigel/rpi/FreeRTOS/build/Demo/Drivers/interrupts.o
 .data          0x000144dc        0x0 /home/snigel/rpi/FreeRTOS/build/Demo/Drivers/gpio.o
 .data          0x000144dc        0x0 /home/snigel/rpi/FreeRTOS/build/Demo/Drivers/uart.o
 .data          0x000144dc        0x0 /home/snigel/rpi/FreeRTOS/build/Demo/stdio.o
 .data          0x000144dc        0x0 /home/snigel/rpi/FreeRTOS/build/Demo/main.o
 .data          0x000144dc        0x0 /usr/local/arm-none-eabi/lib/libc.a(lib_a-memcpy.o)
 .data          0x000144dc        0x0 /usr/local/arm-none-eabi/lib/libc.a(lib_a-memset.o)
 .data          0x000144dc        0x0 /usr/local/arm-none-eabi/lib/libc.a(lib_a-strncpy.o)

.igot.plt       0x000144dc        0x0
 .igot.plt      0x00000000        0x0 /home/snigel/rpi/FreeRTOS/build/FreeRTOS/Source/portable/GCC/RaspberryPi/port.o

.bss            0x000144e0     0x13e0
                0x000144e0                __bss_start = .
 *(.bss)
 .bss           0x000144e0        0x0 /home/snigel/rpi/FreeRTOS/build/FreeRTOS/Source/portable/GCC/RaspberryPi/port.o
 .bss           0x000144e0        0x4 /home/snigel/rpi/FreeRTOS/build/FreeRTOS/Source/portable/GCC/RaspberryPi/portisr.o
                0x000144e0                g_bStarted
 .bss           0x000144e4       0x80 /home/snigel/rpi/FreeRTOS/build/FreeRTOS/Source/croutine.o
                0x00014550                pxCurrentCoRoutine
 .bss           0x00014564        0x0 /home/snigel/rpi/FreeRTOS/build/FreeRTOS/Source/list.o
 .bss           0x00014564        0x0 /home/snigel/rpi/FreeRTOS/build/FreeRTOS/Source/queue.o
 .bss           0x00014564      0x100 /home/snigel/rpi/FreeRTOS/build/FreeRTOS/Source/tasks.o
                0x00014564                pxCurrentTCB
 *fill*         0x00014664        0x4 00
 .bss           0x00014668     0x1010 /home/snigel/rpi/FreeRTOS/build//FreeRTOS/Source/portable/MemMang/heap_4.o
                0x00015674                allocated
 .bss           0x00015678        0x0 /home/snigel/rpi/FreeRTOS/build/Demo/startup.o
 .bss           0x00015678      0x240 /home/snigel/rpi/FreeRTOS/build/Demo/Drivers/interrupts.o
 .bss           0x000158b8        0x0 /home/snigel/rpi/FreeRTOS/build/Demo/Drivers/gpio.o
 .bss           0x000158b8        0x0 /home/snigel/rpi/FreeRTOS/build/Demo/Drivers/uart.o
 .bss           0x000158b8        0x0 /home/snigel/rpi/FreeRTOS/build/Demo/stdio.o
 .bss           0x000158b8        0x0 /home/snigel/rpi/FreeRTOS/build/Demo/main.o
 .bss           0x000158b8        0x0 /usr/local/arm-none-eabi/lib/libc.a(lib_a-memcpy.o)
 .bss           0x000158b8        0x0 /usr/local/arm-none-eabi/lib/libc.a(lib_a-memset.o)
 .bss           0x000158b8        0x0 /usr/local/arm-none-eabi/lib/libc.a(lib_a-strncpy.o)
 *(.bss.*)
                0x000158b8                __bss_end = .
 COMMON         0x000158b8        0x8 /home/snigel/rpi/FreeRTOS/build/Demo/Drivers/uart.o
                0x000158b8                ReadSemaphore
                0x000158bc                WriteSemaphore
                0x08010000                _estack = (ORIGIN (RAM) + 0x8000000)
LOAD /usr/local/lib/gcc/arm-none-eabi/4.7.3/libgcc.a
LOAD /usr/local/arm-none-eabi/lib/libc.a
OUTPUT(kernel.elf elf32-littlearm)

.debug_info     0x00000000     0x2bc3
 .debug_info    0x00000000      0x27b /home/snigel/rpi/FreeRTOS/build/FreeRTOS/Source/portable/GCC/RaspberryPi/port.o
 .debug_info    0x0000027b      0x1b7 /home/snigel/rpi/FreeRTOS/build/FreeRTOS/Source/portable/GCC/RaspberryPi/portisr.o
 .debug_info    0x00000432      0x4ae /home/snigel/rpi/FreeRTOS/build/FreeRTOS/Source/croutine.o
 .debug_info    0x000008e0      0x2ae /home/snigel/rpi/FreeRTOS/build/FreeRTOS/Source/list.o
 .debug_info    0x00000b8e      0x797 /home/snigel/rpi/FreeRTOS/build/FreeRTOS/Source/queue.o
 .debug_info    0x00001325      0xdf5 /home/snigel/rpi/FreeRTOS/build/FreeRTOS/Source/tasks.o
 .debug_info    0x0000211a      0x2e8 /home/snigel/rpi/FreeRTOS/build//FreeRTOS/Source/portable/MemMang/heap_4.o
 .debug_info    0x00002402      0x357 /home/snigel/rpi/FreeRTOS/build/Demo/Drivers/interrupts.o
 .debug_info    0x00002759      0x1c6 /home/snigel/rpi/FreeRTOS/build/Demo/Drivers/gpio.o
 .debug_info    0x0000291f       0xf7 /home/snigel/rpi/FreeRTOS/build/Demo/Drivers/uart.o
 .debug_info    0x00002a16       0xc1 /home/snigel/rpi/FreeRTOS/build/Demo/stdio.o
 .debug_info    0x00002ad7       0xec /home/snigel/rpi/FreeRTOS/build/Demo/main.o

.debug_abbrev   0x00000000      0xd0c
 .debug_abbrev  0x00000000      0x148 /home/snigel/rpi/FreeRTOS/build/FreeRTOS/Source/portable/GCC/RaspberryPi/port.o
 .debug_abbrev  0x00000148       0xd9 /home/snigel/rpi/FreeRTOS/build/FreeRTOS/Source/portable/GCC/RaspberryPi/portisr.o
 .debug_abbrev  0x00000221      0x185 /home/snigel/rpi/FreeRTOS/build/FreeRTOS/Source/croutine.o
 .debug_abbrev  0x000003a6       0xba /home/snigel/rpi/FreeRTOS/build/FreeRTOS/Source/list.o
 .debug_abbrev  0x00000460      0x132 /home/snigel/rpi/FreeRTOS/build/FreeRTOS/Source/queue.o
 .debug_abbrev  0x00000592      0x1da /home/snigel/rpi/FreeRTOS/build/FreeRTOS/Source/tasks.o
 .debug_abbrev  0x0000076c      0x199 /home/snigel/rpi/FreeRTOS/build//FreeRTOS/Source/portable/MemMang/heap_4.o
 .debug_abbrev  0x00000905      0x182 /home/snigel/rpi/FreeRTOS/build/Demo/Drivers/interrupts.o
 .debug_abbrev  0x00000a87       0xd2 /home/snigel/rpi/FreeRTOS/build/Demo/Drivers/gpio.o
 .debug_abbrev  0x00000b59       0xa1 /home/snigel/rpi/FreeRTOS/build/Demo/Drivers/uart.o
 .debug_abbrev  0x00000bfa       0x7d /home/snigel/rpi/FreeRTOS/build/Demo/stdio.o
 .debug_abbrev  0x00000c77       0x95 /home/snigel/rpi/FreeRTOS/build/Demo/main.o

.debug_loc      0x00000000     0x10ac
 .debug_loc     0x00000000       0xdc /home/snigel/rpi/FreeRTOS/build/FreeRTOS/Source/portable/GCC/RaspberryPi/port.o
 .debug_loc     0x000000dc       0x84 /home/snigel/rpi/FreeRTOS/build/FreeRTOS/Source/portable/GCC/RaspberryPi/portisr.o
 .debug_loc     0x00000160      0x134 /home/snigel/rpi/FreeRTOS/build/FreeRTOS/Source/croutine.o
 .debug_loc     0x00000294       0xdc /home/snigel/rpi/FreeRTOS/build/FreeRTOS/Source/list.o
 .debug_loc     0x00000370      0x2c0 /home/snigel/rpi/FreeRTOS/build/FreeRTOS/Source/queue.o
 .debug_loc     0x00000630      0x5d8 /home/snigel/rpi/FreeRTOS/build/FreeRTOS/Source/tasks.o
 .debug_loc     0x00000c08      0x108 /home/snigel/rpi/FreeRTOS/build//FreeRTOS/Source/portable/MemMang/heap_4.o
 .debug_loc     0x00000d10      0x1b8 /home/snigel/rpi/FreeRTOS/build/Demo/Drivers/interrupts.o
 .debug_loc     0x00000ec8       0x58 /home/snigel/rpi/FreeRTOS/build/Demo/Drivers/gpio.o
 .debug_loc     0x00000f20       0x84 /home/snigel/rpi/FreeRTOS/build/Demo/Drivers/uart.o
 .debug_loc     0x00000fa4       0x84 /home/snigel/rpi/FreeRTOS/build/Demo/stdio.o
 .debug_loc     0x00001028       0x84 /home/snigel/rpi/FreeRTOS/build/Demo/main.o

.debug_aranges  0x00000000      0x180
 .debug_aranges
                0x00000000       0x20 /home/snigel/rpi/FreeRTOS/build/FreeRTOS/Source/portable/GCC/RaspberryPi/port.o
 .debug_aranges
                0x00000020       0x20 /home/snigel/rpi/FreeRTOS/build/FreeRTOS/Source/portable/GCC/RaspberryPi/portisr.o
 .debug_aranges
                0x00000040       0x20 /home/snigel/rpi/FreeRTOS/build/FreeRTOS/Source/croutine.o
 .debug_aranges
                0x00000060       0x20 /home/snigel/rpi/FreeRTOS/build/FreeRTOS/Source/list.o
 .debug_aranges
                0x00000080       0x20 /home/snigel/rpi/FreeRTOS/build/FreeRTOS/Source/queue.o
 .debug_aranges
                0x000000a0       0x20 /home/snigel/rpi/FreeRTOS/build/FreeRTOS/Source/tasks.o
 .debug_aranges
                0x000000c0       0x20 /home/snigel/rpi/FreeRTOS/build//FreeRTOS/Source/portable/MemMang/heap_4.o
 .debug_aranges
                0x000000e0       0x20 /home/snigel/rpi/FreeRTOS/build/Demo/Drivers/interrupts.o
 .debug_aranges
                0x00000100       0x20 /home/snigel/rpi/FreeRTOS/build/Demo/Drivers/gpio.o
 .debug_aranges
                0x00000120       0x20 /home/snigel/rpi/FreeRTOS/build/Demo/Drivers/uart.o
 .debug_aranges
                0x00000140       0x20 /home/snigel/rpi/FreeRTOS/build/Demo/stdio.o
 .debug_aranges
                0x00000160       0x20 /home/snigel/rpi/FreeRTOS/build/Demo/main.o

.debug_line     0x00000000     0x1060
 .debug_line    0x00000000      0x111 /home/snigel/rpi/FreeRTOS/build/FreeRTOS/Source/portable/GCC/RaspberryPi/port.o
 .debug_line    0x00000111       0xaa /home/snigel/rpi/FreeRTOS/build/FreeRTOS/Source/portable/GCC/RaspberryPi/portisr.o
 .debug_line    0x000001bb      0x1da /home/snigel/rpi/FreeRTOS/build/FreeRTOS/Source/croutine.o
 .debug_line    0x00000395      0x127 /home/snigel/rpi/FreeRTOS/build/FreeRTOS/Source/list.o
 .debug_line    0x000004bc      0x287 /home/snigel/rpi/FreeRTOS/build/FreeRTOS/Source/queue.o
 .debug_line    0x00000743      0x487 /home/snigel/rpi/FreeRTOS/build/FreeRTOS/Source/tasks.o
 .debug_line    0x00000bca      0x124 /home/snigel/rpi/FreeRTOS/build//FreeRTOS/Source/portable/MemMang/heap_4.o
 .debug_line    0x00000cee       0xe5 /home/snigel/rpi/FreeRTOS/build/Demo/Drivers/interrupts.o
 .debug_line    0x00000dd3       0x6f /home/snigel/rpi/FreeRTOS/build/Demo/Drivers/gpio.o
 .debug_line    0x00000e42      0x128 /home/snigel/rpi/FreeRTOS/build/Demo/Drivers/uart.o
 .debug_line    0x00000f6a       0x6d /home/snigel/rpi/FreeRTOS/build/Demo/stdio.o
 .debug_line    0x00000fd7       0x89 /home/snigel/rpi/FreeRTOS/build/Demo/main.o

.debug_str      0x00000000     0x1577
 .debug_str     0x00000000      0x1e5 /home/snigel/rpi/FreeRTOS/build/FreeRTOS/Source/portable/GCC/RaspberryPi/port.o
                                0x22c (size before relaxing)
 .debug_str     0x000001e5       0xd5 /home/snigel/rpi/FreeRTOS/build/FreeRTOS/Source/portable/GCC/RaspberryPi/portisr.o
                                0x146 (size before relaxing)
 .debug_str     0x000002ba      0x358 /home/snigel/rpi/FreeRTOS/build/FreeRTOS/Source/croutine.o
                                0x40c (size before relaxing)
 .debug_str     0x00000612      0x101 /home/snigel/rpi/FreeRTOS/build/FreeRTOS/Source/list.o
                                0x23d (size before relaxing)
 .debug_str     0x00000713      0x338 /home/snigel/rpi/FreeRTOS/build/FreeRTOS/Source/queue.o
                                0x4d9 (size before relaxing)
 .debug_str     0x00000a4b      0x648 /home/snigel/rpi/FreeRTOS/build/FreeRTOS/Source/tasks.o
                                0x8d5 (size before relaxing)
 .debug_str     0x00001093      0x1c0 /home/snigel/rpi/FreeRTOS/build//FreeRTOS/Source/portable/MemMang/heap_4.o
                                0x2ad (size before relaxing)
 .debug_str     0x00001253      0x15c /home/snigel/rpi/FreeRTOS/build/Demo/Drivers/interrupts.o
                                0x22f (size before relaxing)
 .debug_str     0x000013af       0xd0 /home/snigel/rpi/FreeRTOS/build/Demo/Drivers/gpio.o
                                0x147 (size before relaxing)
 .debug_str     0x0000147f       0x7e /home/snigel/rpi/FreeRTOS/build/Demo/Drivers/uart.o
                                0x109 (size before relaxing)
 .debug_str     0x000014fd       0x3c /home/snigel/rpi/FreeRTOS/build/Demo/stdio.o
                                 0xb2 (size before relaxing)
 .debug_str     0x00001539       0x3e /home/snigel/rpi/FreeRTOS/build/Demo/main.o
                                 0xed (size before relaxing)

.comment        0x00000000       0x70
 .comment       0x00000000       0x70 /home/snigel/rpi/FreeRTOS/build/FreeRTOS/Source/portable/GCC/RaspberryPi/port.o
                                 0x71 (size before relaxing)
 .comment       0x00000000       0x71 /home/snigel/rpi/FreeRTOS/build/FreeRTOS/Source/portable/GCC/RaspberryPi/portisr.o
 .comment       0x00000000       0x71 /home/snigel/rpi/FreeRTOS/build/FreeRTOS/Source/croutine.o
 .comment       0x00000000       0x71 /home/snigel/rpi/FreeRTOS/build/FreeRTOS/Source/list.o
 .comment       0x00000000       0x71 /home/snigel/rpi/FreeRTOS/build/FreeRTOS/Source/queue.o
 .comment       0x00000000       0x71 /home/snigel/rpi/FreeRTOS/build/FreeRTOS/Source/tasks.o
 .comment       0x00000000       0x71 /home/snigel/rpi/FreeRTOS/build//FreeRTOS/Source/portable/MemMang/heap_4.o
 .comment       0x00000000       0x71 /home/snigel/rpi/FreeRTOS/build/Demo/Drivers/interrupts.o
 .comment       0x00000000       0x71 /home/snigel/rpi/FreeRTOS/build/Demo/Drivers/gpio.o
 .comment       0x00000000       0x71 /home/snigel/rpi/FreeRTOS/build/Demo/Drivers/uart.o
 .comment       0x00000000       0x71 /home/snigel/rpi/FreeRTOS/build/Demo/stdio.o
 .comment       0x00000000       0x71 /home/snigel/rpi/FreeRTOS/build/Demo/main.o

.ARM.attributes
                0x00000000       0x2c
 .ARM.attributes
                0x00000000       0x2e /home/snigel/rpi/FreeRTOS/build/FreeRTOS/Source/portable/GCC/RaspberryPi/port.o
 .ARM.attributes
                0x0000002e       0x2e /home/snigel/rpi/FreeRTOS/build/FreeRTOS/Source/portable/GCC/RaspberryPi/portisr.o
 .ARM.attributes
                0x0000005c       0x2e /home/snigel/rpi/FreeRTOS/build/FreeRTOS/Source/croutine.o
 .ARM.attributes
                0x0000008a       0x2e /home/snigel/rpi/FreeRTOS/build/FreeRTOS/Source/list.o
 .ARM.attributes
                0x000000b8       0x2e /home/snigel/rpi/FreeRTOS/build/FreeRTOS/Source/queue.o
 .ARM.attributes
                0x000000e6       0x2e /home/snigel/rpi/FreeRTOS/build/FreeRTOS/Source/tasks.o
 .ARM.attributes
                0x00000114       0x2e /home/snigel/rpi/FreeRTOS/build//FreeRTOS/Source/portable/MemMang/heap_4.o
 .ARM.attributes
                0x00000142       0x14 /home/snigel/rpi/FreeRTOS/build/Demo/startup.o
 .ARM.attributes
                0x00000156       0x2e /home/snigel/rpi/FreeRTOS/build/Demo/Drivers/interrupts.o
 .ARM.attributes
                0x00000184       0x2e /home/snigel/rpi/FreeRTOS/build/Demo/Drivers/gpio.o
 .ARM.attributes
                0x000001b2       0x2e /home/snigel/rpi/FreeRTOS/build/Demo/Drivers/uart.o
 .ARM.attributes
                0x000001e0       0x2e /home/snigel/rpi/FreeRTOS/build/Demo/stdio.o
 .ARM.attributes
                0x0000020e       0x2e /home/snigel/rpi/FreeRTOS/build/Demo/main.o
 .ARM.attributes
                0x0000023c       0x30 /usr/local/arm-none-eabi/lib/libc.a(lib_a-memcpy.o)
 .ARM.attributes
                0x0000026c       0x30 /usr/local/arm-none-eabi/lib/libc.a(lib_a-memset.o)
 .ARM.attributes
                0x0000029c       0x30 /usr/local/arm-none-eabi/lib/libc.a(lib_a-strncpy.o)

.debug_frame    0x00000000      0xb8c
 .debug_frame   0x00000000       0x94 /home/snigel/rpi/FreeRTOS/build/FreeRTOS/Source/portable/GCC/RaspberryPi/port.o
 .debug_frame   0x00000094       0x78 /home/snigel/rpi/FreeRTOS/build/FreeRTOS/Source/portable/GCC/RaspberryPi/portisr.o
 .debug_frame   0x0000010c       0xd4 /home/snigel/rpi/FreeRTOS/build/FreeRTOS/Source/croutine.o
 .debug_frame   0x000001e0       0x88 /home/snigel/rpi/FreeRTOS/build/FreeRTOS/Source/list.o
 .debug_frame   0x00000268      0x1c4 /home/snigel/rpi/FreeRTOS/build/FreeRTOS/Source/queue.o
 .debug_frame   0x0000042c      0x3b0 /home/snigel/rpi/FreeRTOS/build/FreeRTOS/Source/tasks.o
 .debug_frame   0x000007dc       0xa8 /home/snigel/rpi/FreeRTOS/build//FreeRTOS/Source/portable/MemMang/heap_4.o
 .debug_frame   0x00000884      0x118 /home/snigel/rpi/FreeRTOS/build/Demo/Drivers/interrupts.o
 .debug_frame   0x0000099c       0x40 /home/snigel/rpi/FreeRTOS/build/Demo/Drivers/gpio.o
 .debug_frame   0x000009dc       0x68 /home/snigel/rpi/FreeRTOS/build/Demo/Drivers/uart.o
 .debug_frame   0x00000a44       0x64 /home/snigel/rpi/FreeRTOS/build/Demo/stdio.o
 .debug_frame   0x00000aa8       0x64 /home/snigel/rpi/FreeRTOS/build/Demo/main.o
 .debug_frame   0x00000b0c       0x2c /usr/local/arm-none-eabi/lib/libc.a(lib_a-memcpy.o)
 .debug_frame   0x00000b38       0x28 /usr/local/arm-none-eabi/lib/libc.a(lib_a-memset.o)
 .debug_frame   0x00000b60       0x2c /usr/local/arm-none-eabi/lib/libc.a(lib_a-strncpy.o)
