Archive member included because of file (symbol)

/usr/local/arm-none-eabi/lib/libc.a(lib_a-impure.o)
                              /home/snigel/rpi/repo/src/Demo/build/Demo/main.o (_impure_ptr)
/usr/local/arm-none-eabi/lib/libc.a(lib_a-memcpy.o)
                              queue.o (memcpy)
/usr/local/arm-none-eabi/lib/libc.a(lib_a-memset.o)
                              tasks.o (memset)
/usr/local/arm-none-eabi/lib/libc.a(lib_a-puts.o)
                              /home/snigel/rpi/repo/src/Demo/build/Demo/main.o (puts)
/usr/local/arm-none-eabi/lib/libc.a(lib_a-rget.o)
                              /home/snigel/rpi/repo/src/Demo/build/Demo/main.o (__srget_r)
/usr/local/arm-none-eabi/lib/libc.a(lib_a-strlen.o)
                              /usr/local/arm-none-eabi/lib/libc.a(lib_a-puts.o) (strlen)
/usr/local/arm-none-eabi/lib/libc.a(lib_a-strncpy.o)
                              tasks.o (strncpy)
/usr/local/arm-none-eabi/lib/libc.a(lib_a-wbuf.o)
                              /home/snigel/rpi/repo/src/Demo/build/Demo/main.o (__swbuf_r)
/usr/local/arm-none-eabi/lib/libc.a(lib_a-wsetup.o)
                              /usr/local/arm-none-eabi/lib/libc.a(lib_a-wbuf.o) (__swsetup_r)
/usr/local/arm-none-eabi/lib/libc.a(lib_a-fflush.o)
                              /usr/local/arm-none-eabi/lib/libc.a(lib_a-wbuf.o) (_fflush_r)
/usr/local/arm-none-eabi/lib/libc.a(lib_a-findfp.o)
                              /usr/local/arm-none-eabi/lib/libc.a(lib_a-rget.o) (__sinit)
/usr/local/arm-none-eabi/lib/libc.a(lib_a-freer.o)
                              /usr/local/arm-none-eabi/lib/libc.a(lib_a-wsetup.o) (_free_r)
/usr/local/arm-none-eabi/lib/libc.a(lib_a-fvwrite.o)
                              /usr/local/arm-none-eabi/lib/libc.a(lib_a-puts.o) (__sfvwrite_r)
/usr/local/arm-none-eabi/lib/libc.a(lib_a-fwalk.o)
                              /usr/local/arm-none-eabi/lib/libc.a(lib_a-findfp.o) (_fwalk)
/usr/local/arm-none-eabi/lib/libc.a(lib_a-makebuf.o)
                              /usr/local/arm-none-eabi/lib/libc.a(lib_a-wsetup.o) (__smakebuf_r)
/usr/local/arm-none-eabi/lib/libc.a(lib_a-mallocr.o)
                              /usr/local/arm-none-eabi/lib/libc.a(lib_a-findfp.o) (_malloc_r)
/usr/local/arm-none-eabi/lib/libc.a(lib_a-memchr.o)
                              /usr/local/arm-none-eabi/lib/libc.a(lib_a-fvwrite.o) (memchr)
/usr/local/arm-none-eabi/lib/libc.a(lib_a-memmove.o)
                              /usr/local/arm-none-eabi/lib/libc.a(lib_a-fvwrite.o) (memmove)
/usr/local/arm-none-eabi/lib/libc.a(lib_a-mlock.o)
                              /usr/local/arm-none-eabi/lib/libc.a(lib_a-freer.o) (__malloc_lock)
/usr/local/arm-none-eabi/lib/libc.a(lib_a-reallocr.o)
                              /usr/local/arm-none-eabi/lib/libc.a(lib_a-fvwrite.o) (_realloc_r)
/usr/local/arm-none-eabi/lib/libc.a(lib_a-refill.o)
                              /usr/local/arm-none-eabi/lib/libc.a(lib_a-rget.o) (__srefill_r)
/usr/local/arm-none-eabi/lib/libc.a(lib_a-sbrkr.o)
                              /usr/local/arm-none-eabi/lib/libc.a(lib_a-freer.o) (_sbrk_r)
/usr/local/arm-none-eabi/lib/libc.a(lib_a-stdio.o)
                              /usr/local/arm-none-eabi/lib/libc.a(lib_a-findfp.o) (__sread)
/usr/local/arm-none-eabi/lib/libc.a(lib_a-writer.o)
                              /usr/local/arm-none-eabi/lib/libc.a(lib_a-stdio.o) (_write_r)
/usr/local/arm-none-eabi/lib/libc.a(lib_a-closer.o)
                              /usr/local/arm-none-eabi/lib/libc.a(lib_a-stdio.o) (_close_r)
/usr/local/arm-none-eabi/lib/libc.a(lib_a-fclose.o)
                              /usr/local/arm-none-eabi/lib/libc.a(lib_a-findfp.o) (fclose)
/usr/local/arm-none-eabi/lib/libc.a(lib_a-fstatr.o)
                              /usr/local/arm-none-eabi/lib/libc.a(lib_a-makebuf.o) (_fstat_r)
/usr/local/arm-none-eabi/lib/libc.a(lib_a-isattyr.o)
                              /usr/local/arm-none-eabi/lib/libc.a(lib_a-makebuf.o) (_isatty_r)
/usr/local/arm-none-eabi/lib/libc.a(lib_a-lseekr.o)
                              /usr/local/arm-none-eabi/lib/libc.a(lib_a-stdio.o) (_lseek_r)
/usr/local/arm-none-eabi/lib/libc.a(lib_a-readr.o)
                              /usr/local/arm-none-eabi/lib/libc.a(lib_a-stdio.o) (_read_r)
/usr/local/arm-none-eabi/lib/libc.a(lib_a-reent.o)
                              /usr/local/arm-none-eabi/lib/libc.a(lib_a-sbrkr.o) (errno)

Allocating common symbols
Common symbol       size              file

ReadSemaphore       0x4               uart.o
errno               0x4               /usr/local/arm-none-eabi/lib/libc.a(lib_a-reent.o)
DataAvailSemaphore  0x4               uart.o
WriteSemaphore      0x4               uart.o

Memory Configuration

Name             Origin             Length             Attributes
RESERVED         0x00000000         0x00008000         r
INIT_RAM         0x00008000         0x00008000         xrw
RAM              0x00010000         0x08000000         xrw
*default*        0x00000000         0xffffffff

Linker script and memory map

LOAD croutine.o
LOAD gpio.o
LOAD heap_4.o
LOAD interrupts.o
LOAD list.o
LOAD portisr.o
LOAD port.o
LOAD queue.o
LOAD tasks.o
LOAD uart.o
LOAD /home/snigel/rpi/repo/src/Demo/build/Demo/libc_arch.o
LOAD /home/snigel/rpi/repo/src/Demo/build/Demo/main.o
LOAD /home/snigel/rpi/repo/src/Demo/build/Demo/startup.o

.init           0x00008000       0xa4
 *(.init)
 .init          0x00008000       0xa4 /home/snigel/rpi/repo/src/Demo/build/Demo/startup.o
                0x00008000                _start

.module_entries
                0x000080a4        0x0
                0x000080a4                __module_entries_start = .
 *(.module_entries)
 *(.module_entries.*)
                0x000080a4                __module_entries_end = .
                0x00000000                __module_entries_size = SIZEOF (.module_entries)

.text           0x00010000     0x4684
 *(.text)
 .text          0x00010000      0x764 croutine.o
                0x00010000                xCoRoutineCreate
                0x00010168                vCoRoutineAddToDelayedList
                0x00010508                vCoRoutineSchedule
                0x000106d8                xCoRoutineRemoveFromEventList
 .text          0x00010764      0x17c gpio.o
                0x00010764                SetGpioFunction
                0x00010840                SetGpio
 .text          0x000108e0      0x4d4 heap_4.o
                0x000108e0                pvPortMalloc
                0x00010abc                vPortFree
                0x00010b3c                xPortGetFreeHeapSize
                0x00010b60                vPortInitialiseBlocks
 .text          0x00010db4      0x358 interrupts.o
                0x00010df4                irqHandler
                0x00010f24                InitInterruptController
                0x00010fa0                RegisterInterrupt
                0x00011004                EnableInterrupt
                0x00011080                DisableInterrupt
                0x000110dc                EnableInterrupts
                0x000110f4                DisableInterrupts
 .text          0x0001110c      0x288 list.o
                0x0001110c                vListInitialise
                0x00011170                vListInitialiseItem
                0x00011198                vListInsertEnd
                0x0001122c                vListInsert
                0x00011300                vListRemove
 .text          0x00011394      0x298 portisr.o
                0x00011394                vPortISRStartFirstTask
                0x00011428                vPortYieldProcessor
                0x000114d8                vFreeRTOS_ISR
                0x00011584                vPortEnterCritical
                0x000115c4                vPortExitCritical
 .text          0x0001162c      0x35c port.o
                0x0001162c                pxPortInitialiseStack
                0x0001186c                xPortStartScheduler
                0x00011888                vPortEndScheduler
                0x0001189c                vTickISR
 .text          0x00011988      0xbbc queue.o
                0x00011988                xQueueGenericReset
                0x00011a9c                xQueueGenericCreate
                0x00011b64                xQueueGenericSend
                0x00011d10                xQueueGenericSendFromISR
                0x00011dec                xQueueGenericReceive
                0x00011ff8                xQueueReceiveFromISR
                0x000120d8                uxQueueMessagesWaiting
                0x0001210c                uxQueueMessagesWaitingFromISR
                0x0001213c                vQueueDelete
                0x00012470                xQueueIsQueueEmptyFromISR
                0x000124fc                xQueueIsQueueFullFromISR
 .text          0x00012544     0x18e0 tasks.o
                0x00012544                xTaskGenericCreate
                0x0001278c                vTaskDelete
                0x00012888                vTaskDelayUntil
                0x00012994                vTaskDelay
                0x00012a14                uxTaskPriorityGet
                0x00012a6c                vTaskPrioritySet
                0x00012c10                vTaskSuspend
                0x00012d10                xTaskIsTaskSuspended
                0x00012d8c                vTaskResume
                0x00012e80                xTaskResumeFromISR
                0x00012f9c                vTaskStartScheduler
                0x00013034                vTaskEndScheduler
                0x00013068                vTaskSuspendAll
                0x00013094                xTaskResumeAll
                0x00013238                xTaskGetTickCount
                0x0001326c                xTaskGetTickCountFromISR
                0x000132a4                uxTaskGetNumberOfTasks
                0x000132c8                vTaskIncrementTick
                0x000134dc                vTaskSetApplicationTaskTag
                0x00013534                xTaskGetApplicationTaskTag
                0x00013590                xTaskCallApplicationTaskHook
                0x0001360c                vTaskSwitchContext
                0x00013718                vTaskPlaceOnEventList
                0x000137b0                xTaskRemoveFromEventList
                0x000138c8                vTaskSetTimeOutState
                0x0001390c                xTaskCheckForTimeOut
                0x00013a00                vTaskMissedYield
 .text          0x00013e24      0x3c4 uart.o
                0x00013e6c                SetupUART
                0x00013fb8                WriteUART
                0x00014048                ReadUART_BLOCK
                0x000140c4                ReadUART_NOBLOCK
                0x00014130                ReadUART
 .text          0x000141e8      0x1d0 /home/snigel/rpi/repo/src/Demo/build/Demo/libc_arch.o
                0x000141e8                _close
                0x0001420c                _fstat
                0x00014240                _isatty
                0x00014264                _lseek
                0x00014290                _read
                0x000142e0                _sbrk
                0x00014350                _write
 .text          0x000143b8      0x2b4 /home/snigel/rpi/repo/src/Demo/build/Demo/main.o
                0x000143b8                echo_task
                0x00014564                led_task
                0x000145b0                main
 .text          0x0001466c       0x18 /home/snigel/rpi/repo/src/Demo/build/Demo/startup.o
 .text          0x00014684        0x0 /usr/local/arm-none-eabi/lib/libc.a(lib_a-impure.o)
 .text          0x00014684        0x0 /usr/local/arm-none-eabi/lib/libc.a(lib_a-memcpy.o)
 .text          0x00014684        0x0 /usr/local/arm-none-eabi/lib/libc.a(lib_a-memset.o)
 .text          0x00014684        0x0 /usr/local/arm-none-eabi/lib/libc.a(lib_a-puts.o)
 .text          0x00014684        0x0 /usr/local/arm-none-eabi/lib/libc.a(lib_a-rget.o)
 .text          0x00014684        0x0 /usr/local/arm-none-eabi/lib/libc.a(lib_a-strlen.o)
 .text          0x00014684        0x0 /usr/local/arm-none-eabi/lib/libc.a(lib_a-strncpy.o)
 .text          0x00014684        0x0 /usr/local/arm-none-eabi/lib/libc.a(lib_a-wbuf.o)
 .text          0x00014684        0x0 /usr/local/arm-none-eabi/lib/libc.a(lib_a-wsetup.o)
 .text          0x00014684        0x0 /usr/local/arm-none-eabi/lib/libc.a(lib_a-fflush.o)
 .text          0x00014684        0x0 /usr/local/arm-none-eabi/lib/libc.a(lib_a-findfp.o)
 .text          0x00014684        0x0 /usr/local/arm-none-eabi/lib/libc.a(lib_a-freer.o)
 .text          0x00014684        0x0 /usr/local/arm-none-eabi/lib/libc.a(lib_a-fvwrite.o)
 .text          0x00014684        0x0 /usr/local/arm-none-eabi/lib/libc.a(lib_a-fwalk.o)
 .text          0x00014684        0x0 /usr/local/arm-none-eabi/lib/libc.a(lib_a-makebuf.o)
 .text          0x00014684        0x0 /usr/local/arm-none-eabi/lib/libc.a(lib_a-mallocr.o)
 .text          0x00014684        0x0 /usr/local/arm-none-eabi/lib/libc.a(lib_a-memchr.o)
 .text          0x00014684        0x0 /usr/local/arm-none-eabi/lib/libc.a(lib_a-memmove.o)
 .text          0x00014684        0x0 /usr/local/arm-none-eabi/lib/libc.a(lib_a-mlock.o)
 .text          0x00014684        0x0 /usr/local/arm-none-eabi/lib/libc.a(lib_a-reallocr.o)
 .text          0x00014684        0x0 /usr/local/arm-none-eabi/lib/libc.a(lib_a-refill.o)
 .text          0x00014684        0x0 /usr/local/arm-none-eabi/lib/libc.a(lib_a-sbrkr.o)
 .text          0x00014684        0x0 /usr/local/arm-none-eabi/lib/libc.a(lib_a-stdio.o)
 .text          0x00014684        0x0 /usr/local/arm-none-eabi/lib/libc.a(lib_a-writer.o)
 .text          0x00014684        0x0 /usr/local/arm-none-eabi/lib/libc.a(lib_a-closer.o)
 .text          0x00014684        0x0 /usr/local/arm-none-eabi/lib/libc.a(lib_a-fclose.o)
 .text          0x00014684        0x0 /usr/local/arm-none-eabi/lib/libc.a(lib_a-fstatr.o)
 .text          0x00014684        0x0 /usr/local/arm-none-eabi/lib/libc.a(lib_a-isattyr.o)
 .text          0x00014684        0x0 /usr/local/arm-none-eabi/lib/libc.a(lib_a-lseekr.o)
 .text          0x00014684        0x0 /usr/local/arm-none-eabi/lib/libc.a(lib_a-readr.o)
 .text          0x00014684        0x0 /usr/local/arm-none-eabi/lib/libc.a(lib_a-reent.o)

.rodata         0x00014684       0x6c
 .rodata        0x00014684        0x4 gpio.o
                0x00014684                pRegs
 .rodata        0x00014688        0x8 heap_4.o
 .rodata        0x00014690        0x4 interrupts.o
 .rodata        0x00014694        0x4 port.o
 .rodata        0x00014698        0x8 tasks.o
 .rodata        0x000146a0       0x50 /home/snigel/rpi/repo/src/Demo/build/Demo/main.o

.rodata.str1.4  0x000146f0        0x8
 .rodata.str1.4
                0x000146f0        0x2 /usr/local/arm-none-eabi/lib/libc.a(lib_a-impure.o)
                                  0x4 (size before relaxing)
 *fill*         0x000146f2        0x2 00
 .rodata.str1.4
                0x000146f4        0x4 /usr/local/arm-none-eabi/lib/libc.a(lib_a-puts.o)

.rodata._global_impure_ptr
                0x000146f8        0x4
 .rodata._global_impure_ptr
                0x000146f8        0x4 /usr/local/arm-none-eabi/lib/libc.a(lib_a-impure.o)
                0x000146f8                _global_impure_ptr

.glue_7         0x000146fc        0x0
 .glue_7        0x00000000        0x0 linker stubs

.glue_7t        0x000146fc        0x0
 .glue_7t       0x00000000        0x0 linker stubs

.vfp11_veneer   0x000146fc        0x0
 .vfp11_veneer  0x00000000        0x0 linker stubs

.v4_bx          0x000146fc        0x0
 .v4_bx         0x00000000        0x0 linker stubs

.iplt           0x000146fc        0x0
 .iplt          0x00000000        0x0 croutine.o

.text.memcpy    0x000146fc       0xf4
 .text.memcpy   0x000146fc       0xf4 /usr/local/arm-none-eabi/lib/libc.a(lib_a-memcpy.o)
                0x000146fc                memcpy

.text.memset    0x000147f0       0xf8
 .text.memset   0x000147f0       0xf8 /usr/local/arm-none-eabi/lib/libc.a(lib_a-memset.o)
                0x000147f0                memset

.text._puts_r   0x000148e8       0xa4
 .text._puts_r  0x000148e8       0xa4 /usr/local/arm-none-eabi/lib/libc.a(lib_a-puts.o)
                0x000148e8                _puts_r

.text.puts      0x0001498c       0x14
 .text.puts     0x0001498c       0x14 /usr/local/arm-none-eabi/lib/libc.a(lib_a-puts.o)
                0x0001498c                puts

.text.__srget_r
                0x000149a0       0x58
 .text.__srget_r
                0x000149a0       0x58 /usr/local/arm-none-eabi/lib/libc.a(lib_a-rget.o)
                0x000149a0                __srget_r

.text.__srget   0x000149f8       0x14
 .text.__srget  0x000149f8       0x14 /usr/local/arm-none-eabi/lib/libc.a(lib_a-rget.o)
                0x000149f8                __srget

.text.strlen    0x00014a0c       0x60
 .text.strlen   0x00014a0c       0x60 /usr/local/arm-none-eabi/lib/libc.a(lib_a-strlen.o)
                0x00014a0c                strlen

.text.strncpy   0x00014a6c       0xc8
 .text.strncpy  0x00014a6c       0xc8 /usr/local/arm-none-eabi/lib/libc.a(lib_a-strncpy.o)
                0x00014a6c                strncpy

.text.__swbuf_r
                0x00014b34      0x130
 .text.__swbuf_r
                0x00014b34      0x130 /usr/local/arm-none-eabi/lib/libc.a(lib_a-wbuf.o)
                0x00014b34                __swbuf_r

.text.__swbuf   0x00014c64       0x1c
 .text.__swbuf  0x00014c64       0x1c /usr/local/arm-none-eabi/lib/libc.a(lib_a-wbuf.o)
                0x00014c64                __swbuf

.text.__swsetup_r
                0x00014c80      0x138
 .text.__swsetup_r
                0x00014c80      0x138 /usr/local/arm-none-eabi/lib/libc.a(lib_a-wsetup.o)
                0x00014c80                __swsetup_r

.text._fflush_r
                0x00014db8      0x250
 .text._fflush_r
                0x00014db8      0x250 /usr/local/arm-none-eabi/lib/libc.a(lib_a-fflush.o)
                0x00014db8                _fflush_r

.text.fflush    0x00015008       0x40
 .text.fflush   0x00015008       0x40 /usr/local/arm-none-eabi/lib/libc.a(lib_a-fflush.o)
                0x00015008                fflush

.text.__fp_lock
                0x00015048        0x8
 .text.__fp_lock
                0x00015048        0x8 /usr/local/arm-none-eabi/lib/libc.a(lib_a-findfp.o)

.text.__fp_unlock
                0x00015050        0x8
 .text.__fp_unlock
                0x00015050        0x8 /usr/local/arm-none-eabi/lib/libc.a(lib_a-findfp.o)

.text._cleanup_r
                0x00015058       0x18
 .text._cleanup_r
                0x00015058       0x18 /usr/local/arm-none-eabi/lib/libc.a(lib_a-findfp.o)
                0x00015058                _cleanup_r

.text.std.isra.0
                0x00015070       0x7c
 .text.std.isra.0
                0x00015070       0x7c /usr/local/arm-none-eabi/lib/libc.a(lib_a-findfp.o)

.text.__sfmoreglue
                0x000150ec       0x48
 .text.__sfmoreglue
                0x000150ec       0x48 /usr/local/arm-none-eabi/lib/libc.a(lib_a-findfp.o)
                0x000150ec                __sfmoreglue

.text._cleanup  0x00015134       0x10
 .text._cleanup
                0x00015134       0x10 /usr/local/arm-none-eabi/lib/libc.a(lib_a-findfp.o)
                0x00015134                _cleanup

.text.__sinit   0x00015144       0x78
 .text.__sinit  0x00015144       0x78 /usr/local/arm-none-eabi/lib/libc.a(lib_a-findfp.o)
                0x00015144                __sinit

.text.__sfp     0x000151bc       0xf8
 .text.__sfp    0x000151bc       0xf8 /usr/local/arm-none-eabi/lib/libc.a(lib_a-findfp.o)
                0x000151bc                __sfp

.text.__sfp_lock_acquire
                0x000152b4        0x4
 .text.__sfp_lock_acquire
                0x000152b4        0x4 /usr/local/arm-none-eabi/lib/libc.a(lib_a-findfp.o)
                0x000152b4                __sfp_lock_acquire

.text.__sfp_lock_release
                0x000152b8        0x4
 .text.__sfp_lock_release
                0x000152b8        0x4 /usr/local/arm-none-eabi/lib/libc.a(lib_a-findfp.o)
                0x000152b8                __sfp_lock_release

.text.__sinit_lock_acquire
                0x000152bc        0x4
 .text.__sinit_lock_acquire
                0x000152bc        0x4 /usr/local/arm-none-eabi/lib/libc.a(lib_a-findfp.o)
                0x000152bc                __sinit_lock_acquire

.text.__sinit_lock_release
                0x000152c0        0x4
 .text.__sinit_lock_release
                0x000152c0        0x4 /usr/local/arm-none-eabi/lib/libc.a(lib_a-findfp.o)
                0x000152c0                __sinit_lock_release

.text.__fp_lock_all
                0x000152c4       0x24
 .text.__fp_lock_all
                0x000152c4       0x24 /usr/local/arm-none-eabi/lib/libc.a(lib_a-findfp.o)
                0x000152c4                __fp_lock_all

.text.__fp_unlock_all
                0x000152e8       0x24
 .text.__fp_unlock_all
                0x000152e8       0x24 /usr/local/arm-none-eabi/lib/libc.a(lib_a-findfp.o)
                0x000152e8                __fp_unlock_all

.text._malloc_trim_r
                0x0001530c       0xfc
 .text._malloc_trim_r
                0x0001530c       0xfc /usr/local/arm-none-eabi/lib/libc.a(lib_a-freer.o)
                0x0001530c                _malloc_trim_r

.text._free_r   0x00015408      0x26c
 .text._free_r  0x00015408      0x26c /usr/local/arm-none-eabi/lib/libc.a(lib_a-freer.o)
                0x00015408                _free_r

.text.__sfvwrite_r
                0x00015674      0x4c4
 .text.__sfvwrite_r
                0x00015674      0x4c4 /usr/local/arm-none-eabi/lib/libc.a(lib_a-fvwrite.o)
                0x00015674                __sfvwrite_r

.text._fwalk    0x00015b38       0x88
 .text._fwalk   0x00015b38       0x88 /usr/local/arm-none-eabi/lib/libc.a(lib_a-fwalk.o)
                0x00015b38                _fwalk

.text._fwalk_reent
                0x00015bc0       0x8c
 .text._fwalk_reent
                0x00015bc0       0x8c /usr/local/arm-none-eabi/lib/libc.a(lib_a-fwalk.o)
                0x00015bc0                _fwalk_reent

.text.__smakebuf_r
                0x00015c4c      0x15c
 .text.__smakebuf_r
                0x00015c4c      0x15c /usr/local/arm-none-eabi/lib/libc.a(lib_a-makebuf.o)
                0x00015c4c                __smakebuf_r

.text._malloc_r
                0x00015da8      0x73c
 .text._malloc_r
                0x00015da8      0x73c /usr/local/arm-none-eabi/lib/libc.a(lib_a-mallocr.o)
                0x00015da8                _malloc_r

.text.memchr    0x000164e4      0x11c
 .text.memchr   0x000164e4      0x11c /usr/local/arm-none-eabi/lib/libc.a(lib_a-memchr.o)
                0x000164e4                memchr

.text.memmove   0x00016600      0x134
 .text.memmove  0x00016600      0x134 /usr/local/arm-none-eabi/lib/libc.a(lib_a-memmove.o)
                0x00016600                memmove

.text.__malloc_lock
                0x00016734        0x4
 .text.__malloc_lock
                0x00016734        0x4 /usr/local/arm-none-eabi/lib/libc.a(lib_a-mlock.o)
                0x00016734                __malloc_lock

.text.__malloc_unlock
                0x00016738        0x4
 .text.__malloc_unlock
                0x00016738        0x4 /usr/local/arm-none-eabi/lib/libc.a(lib_a-mlock.o)
                0x00016738                __malloc_unlock

.text._realloc_r
                0x0001673c      0x574
 .text._realloc_r
                0x0001673c      0x574 /usr/local/arm-none-eabi/lib/libc.a(lib_a-reallocr.o)
                0x0001673c                _realloc_r

.text.lflush    0x00016cb0       0x28
 .text.lflush   0x00016cb0       0x28 /usr/local/arm-none-eabi/lib/libc.a(lib_a-refill.o)

.text.__srefill_r
                0x00016cd8      0x1a4
 .text.__srefill_r
                0x00016cd8      0x1a4 /usr/local/arm-none-eabi/lib/libc.a(lib_a-refill.o)
                0x00016cd8                __srefill_r

.text._sbrk_r   0x00016e7c       0x40
 .text._sbrk_r  0x00016e7c       0x40 /usr/local/arm-none-eabi/lib/libc.a(lib_a-sbrkr.o)
                0x00016e7c                _sbrk_r

.text.__sread   0x00016ebc       0x34
 .text.__sread  0x00016ebc       0x34 /usr/local/arm-none-eabi/lib/libc.a(lib_a-stdio.o)
                0x00016ebc                __sread

.text.__seofread
                0x00016ef0        0x8
 .text.__seofread
                0x00016ef0        0x8 /usr/local/arm-none-eabi/lib/libc.a(lib_a-stdio.o)
                0x00016ef0                __seofread

.text.__swrite  0x00016ef8       0x58
 .text.__swrite
                0x00016ef8       0x58 /usr/local/arm-none-eabi/lib/libc.a(lib_a-stdio.o)
                0x00016ef8                __swrite

.text.__sseek   0x00016f50       0x34
 .text.__sseek  0x00016f50       0x34 /usr/local/arm-none-eabi/lib/libc.a(lib_a-stdio.o)
                0x00016f50                __sseek

.text.__sclose  0x00016f84       0x14
 .text.__sclose
                0x00016f84       0x14 /usr/local/arm-none-eabi/lib/libc.a(lib_a-stdio.o)
                0x00016f84                __sclose

.text._write_r  0x00016f98       0x44
 .text._write_r
                0x00016f98       0x44 /usr/local/arm-none-eabi/lib/libc.a(lib_a-writer.o)
                0x00016f98                _write_r

.text._close_r  0x00016fdc       0x3c
 .text._close_r
                0x00016fdc       0x3c /usr/local/arm-none-eabi/lib/libc.a(lib_a-closer.o)
                0x00016fdc                _close_r

.text._fclose_r
                0x00017018       0xf8
 .text._fclose_r
                0x00017018       0xf8 /usr/local/arm-none-eabi/lib/libc.a(lib_a-fclose.o)
                0x00017018                _fclose_r

.text.fclose    0x00017110       0x14
 .text.fclose   0x00017110       0x14 /usr/local/arm-none-eabi/lib/libc.a(lib_a-fclose.o)
                0x00017110                fclose

.text._fstat_r  0x00017124       0x40
 .text._fstat_r
                0x00017124       0x40 /usr/local/arm-none-eabi/lib/libc.a(lib_a-fstatr.o)
                0x00017124                _fstat_r

.text._isatty_r
                0x00017164       0x3c
 .text._isatty_r
                0x00017164       0x3c /usr/local/arm-none-eabi/lib/libc.a(lib_a-isattyr.o)
                0x00017164                _isatty_r

.text._lseek_r  0x000171a0       0x44
 .text._lseek_r
                0x000171a0       0x44 /usr/local/arm-none-eabi/lib/libc.a(lib_a-lseekr.o)
                0x000171a0                _lseek_r

.text._read_r   0x000171e4       0x44
 .text._read_r  0x000171e4       0x44 /usr/local/arm-none-eabi/lib/libc.a(lib_a-readr.o)
                0x000171e4                _read_r

.text.cleanup_glue
                0x00017228       0x2c
 .text.cleanup_glue
                0x00017228       0x2c /usr/local/arm-none-eabi/lib/libc.a(lib_a-reent.o)
                0x00017228                cleanup_glue

.text._reclaim_reent
                0x00017254       0xfc
 .text._reclaim_reent
                0x00017254       0xfc /usr/local/arm-none-eabi/lib/libc.a(lib_a-reent.o)
                0x00017254                _reclaim_reent

.text._wrapup_reent
                0x00017350       0x74
 .text._wrapup_reent
                0x00017350       0x74 /usr/local/arm-none-eabi/lib/libc.a(lib_a-reent.o)
                0x00017350                _wrapup_reent

.rel.dyn        0x000173c4        0x0
 .rel.iplt      0x00000000        0x0 croutine.o

.data           0x000173c4        0xc
 *(.data)
 .data          0x000173c4        0x0 croutine.o
 .data          0x000173c4        0x0 gpio.o
 .data          0x000173c4        0x4 heap_4.o
 .data          0x000173c8        0x0 interrupts.o
 .data          0x000173c8        0x0 list.o
 .data          0x000173c8        0x4 portisr.o
                0x000173c8                ulCriticalNesting
 .data          0x000173cc        0x0 port.o
 .data          0x000173cc        0x0 queue.o
 .data          0x000173cc        0x4 tasks.o
 .data          0x000173d0        0x0 uart.o
 .data          0x000173d0        0x0 /home/snigel/rpi/repo/src/Demo/build/Demo/libc_arch.o
 .data          0x000173d0        0x0 /home/snigel/rpi/repo/src/Demo/build/Demo/main.o
 .data          0x000173d0        0x0 /home/snigel/rpi/repo/src/Demo/build/Demo/startup.o
 .data          0x000173d0        0x0 /usr/local/arm-none-eabi/lib/libc.a(lib_a-impure.o)
 .data          0x000173d0        0x0 /usr/local/arm-none-eabi/lib/libc.a(lib_a-memcpy.o)
 .data          0x000173d0        0x0 /usr/local/arm-none-eabi/lib/libc.a(lib_a-memset.o)
 .data          0x000173d0        0x0 /usr/local/arm-none-eabi/lib/libc.a(lib_a-puts.o)
 .data          0x000173d0        0x0 /usr/local/arm-none-eabi/lib/libc.a(lib_a-rget.o)
 .data          0x000173d0        0x0 /usr/local/arm-none-eabi/lib/libc.a(lib_a-strlen.o)
 .data          0x000173d0        0x0 /usr/local/arm-none-eabi/lib/libc.a(lib_a-strncpy.o)
 .data          0x000173d0        0x0 /usr/local/arm-none-eabi/lib/libc.a(lib_a-wbuf.o)
 .data          0x000173d0        0x0 /usr/local/arm-none-eabi/lib/libc.a(lib_a-wsetup.o)
 .data          0x000173d0        0x0 /usr/local/arm-none-eabi/lib/libc.a(lib_a-fflush.o)
 .data          0x000173d0        0x0 /usr/local/arm-none-eabi/lib/libc.a(lib_a-findfp.o)
 .data          0x000173d0        0x0 /usr/local/arm-none-eabi/lib/libc.a(lib_a-freer.o)
 .data          0x000173d0        0x0 /usr/local/arm-none-eabi/lib/libc.a(lib_a-fvwrite.o)
 .data          0x000173d0        0x0 /usr/local/arm-none-eabi/lib/libc.a(lib_a-fwalk.o)
 .data          0x000173d0        0x0 /usr/local/arm-none-eabi/lib/libc.a(lib_a-makebuf.o)
 .data          0x000173d0        0x0 /usr/local/arm-none-eabi/lib/libc.a(lib_a-mallocr.o)
 .data          0x000173d0        0x0 /usr/local/arm-none-eabi/lib/libc.a(lib_a-memchr.o)
 .data          0x000173d0        0x0 /usr/local/arm-none-eabi/lib/libc.a(lib_a-memmove.o)
 .data          0x000173d0        0x0 /usr/local/arm-none-eabi/lib/libc.a(lib_a-mlock.o)
 .data          0x000173d0        0x0 /usr/local/arm-none-eabi/lib/libc.a(lib_a-reallocr.o)
 .data          0x000173d0        0x0 /usr/local/arm-none-eabi/lib/libc.a(lib_a-refill.o)
 .data          0x000173d0        0x0 /usr/local/arm-none-eabi/lib/libc.a(lib_a-sbrkr.o)
 .data          0x000173d0        0x0 /usr/local/arm-none-eabi/lib/libc.a(lib_a-stdio.o)
 .data          0x000173d0        0x0 /usr/local/arm-none-eabi/lib/libc.a(lib_a-writer.o)
 .data          0x000173d0        0x0 /usr/local/arm-none-eabi/lib/libc.a(lib_a-closer.o)
 .data          0x000173d0        0x0 /usr/local/arm-none-eabi/lib/libc.a(lib_a-fclose.o)
 .data          0x000173d0        0x0 /usr/local/arm-none-eabi/lib/libc.a(lib_a-fstatr.o)
 .data          0x000173d0        0x0 /usr/local/arm-none-eabi/lib/libc.a(lib_a-isattyr.o)
 .data          0x000173d0        0x0 /usr/local/arm-none-eabi/lib/libc.a(lib_a-lseekr.o)
 .data          0x000173d0        0x0 /usr/local/arm-none-eabi/lib/libc.a(lib_a-readr.o)
 .data          0x000173d0        0x0 /usr/local/arm-none-eabi/lib/libc.a(lib_a-reent.o)

.igot.plt       0x000173d0        0x0
 .igot.plt      0x00000000        0x0 croutine.o

.data.impure_data
                0x000173d0      0x428
 .data.impure_data
                0x000173d0      0x428 /usr/local/arm-none-eabi/lib/libc.a(lib_a-impure.o)

.data._impure_ptr
                0x000177f8        0x4
 .data._impure_ptr
                0x000177f8        0x4 /usr/local/arm-none-eabi/lib/libc.a(lib_a-impure.o)
                0x000177f8                _impure_ptr

.data.__malloc_av_
                0x000177fc      0x408
 .data.__malloc_av_
                0x000177fc      0x408 /usr/local/arm-none-eabi/lib/libc.a(lib_a-mallocr.o)
                0x000177fc                __malloc_av_

.data.__malloc_trim_threshold
                0x00017c04        0x4
 .data.__malloc_trim_threshold
                0x00017c04        0x4 /usr/local/arm-none-eabi/lib/libc.a(lib_a-mallocr.o)
                0x00017c04                __malloc_trim_threshold

.data.__malloc_sbrk_base
                0x00017c08        0x4
 .data.__malloc_sbrk_base
                0x00017c08        0x4 /usr/local/arm-none-eabi/lib/libc.a(lib_a-mallocr.o)
                0x00017c08                __malloc_sbrk_base

.bss            0x00017c10     0x141c
                0x00017c10                __bss_start = .
 *(.bss)
 .bss           0x00017c10       0x80 croutine.o
                0x00017c7c                pxCurrentCoRoutine
 .bss           0x00017c90        0x0 gpio.o
 .bss           0x00017c90     0x1010 heap_4.o
                0x00018c9c                allocated
 .bss           0x00018ca0      0x240 interrupts.o
 .bss           0x00018ee0        0x0 list.o
 .bss           0x00018ee0        0x4 portisr.o
                0x00018ee0                g_bStarted
 .bss           0x00018ee4        0x0 port.o
 .bss           0x00018ee4        0x0 queue.o
 .bss           0x00018ee4      0x100 tasks.o
                0x00018ee4                pxCurrentTCB
 .bss           0x00018fe4        0x0 uart.o
 .bss           0x00018fe4        0x4 /home/snigel/rpi/repo/src/Demo/build/Demo/libc_arch.o
 .bss           0x00018fe8        0x0 /home/snigel/rpi/repo/src/Demo/build/Demo/main.o
 .bss           0x00018fe8        0x0 /home/snigel/rpi/repo/src/Demo/build/Demo/startup.o
 .bss           0x00018fe8        0x0 /usr/local/arm-none-eabi/lib/libc.a(lib_a-impure.o)
 .bss           0x00018fe8        0x0 /usr/local/arm-none-eabi/lib/libc.a(lib_a-memcpy.o)
 .bss           0x00018fe8        0x0 /usr/local/arm-none-eabi/lib/libc.a(lib_a-memset.o)
 .bss           0x00018fe8        0x0 /usr/local/arm-none-eabi/lib/libc.a(lib_a-puts.o)
 .bss           0x00018fe8        0x0 /usr/local/arm-none-eabi/lib/libc.a(lib_a-rget.o)
 .bss           0x00018fe8        0x0 /usr/local/arm-none-eabi/lib/libc.a(lib_a-strlen.o)
 .bss           0x00018fe8        0x0 /usr/local/arm-none-eabi/lib/libc.a(lib_a-strncpy.o)
 .bss           0x00018fe8        0x0 /usr/local/arm-none-eabi/lib/libc.a(lib_a-wbuf.o)
 .bss           0x00018fe8        0x0 /usr/local/arm-none-eabi/lib/libc.a(lib_a-wsetup.o)
 .bss           0x00018fe8        0x0 /usr/local/arm-none-eabi/lib/libc.a(lib_a-fflush.o)
 .bss           0x00018fe8        0x0 /usr/local/arm-none-eabi/lib/libc.a(lib_a-findfp.o)
 .bss           0x00018fe8        0x0 /usr/local/arm-none-eabi/lib/libc.a(lib_a-freer.o)
 .bss           0x00018fe8        0x0 /usr/local/arm-none-eabi/lib/libc.a(lib_a-fvwrite.o)
 .bss           0x00018fe8        0x0 /usr/local/arm-none-eabi/lib/libc.a(lib_a-fwalk.o)
 .bss           0x00018fe8        0x0 /usr/local/arm-none-eabi/lib/libc.a(lib_a-makebuf.o)
 .bss           0x00018fe8        0x0 /usr/local/arm-none-eabi/lib/libc.a(lib_a-mallocr.o)
 .bss           0x00018fe8        0x0 /usr/local/arm-none-eabi/lib/libc.a(lib_a-memchr.o)
 .bss           0x00018fe8        0x0 /usr/local/arm-none-eabi/lib/libc.a(lib_a-memmove.o)
 .bss           0x00018fe8        0x0 /usr/local/arm-none-eabi/lib/libc.a(lib_a-mlock.o)
 .bss           0x00018fe8        0x0 /usr/local/arm-none-eabi/lib/libc.a(lib_a-reallocr.o)
 .bss           0x00018fe8        0x0 /usr/local/arm-none-eabi/lib/libc.a(lib_a-refill.o)
 .bss           0x00018fe8        0x0 /usr/local/arm-none-eabi/lib/libc.a(lib_a-sbrkr.o)
 .bss           0x00018fe8        0x0 /usr/local/arm-none-eabi/lib/libc.a(lib_a-stdio.o)
 .bss           0x00018fe8        0x0 /usr/local/arm-none-eabi/lib/libc.a(lib_a-writer.o)
 .bss           0x00018fe8        0x0 /usr/local/arm-none-eabi/lib/libc.a(lib_a-closer.o)
 .bss           0x00018fe8        0x0 /usr/local/arm-none-eabi/lib/libc.a(lib_a-fclose.o)
 .bss           0x00018fe8        0x0 /usr/local/arm-none-eabi/lib/libc.a(lib_a-fstatr.o)
 .bss           0x00018fe8        0x0 /usr/local/arm-none-eabi/lib/libc.a(lib_a-isattyr.o)
 .bss           0x00018fe8        0x0 /usr/local/arm-none-eabi/lib/libc.a(lib_a-lseekr.o)
 .bss           0x00018fe8        0x0 /usr/local/arm-none-eabi/lib/libc.a(lib_a-readr.o)
 .bss           0x00018fe8        0x0 /usr/local/arm-none-eabi/lib/libc.a(lib_a-reent.o)
 *(.bss.*)
 .bss.__malloc_max_total_mem
                0x00018fe8        0x4 /usr/local/arm-none-eabi/lib/libc.a(lib_a-mallocr.o)
                0x00018fe8                __malloc_max_total_mem
 .bss.__malloc_max_sbrked_mem
                0x00018fec        0x4 /usr/local/arm-none-eabi/lib/libc.a(lib_a-mallocr.o)
                0x00018fec                __malloc_max_sbrked_mem
 .bss.__malloc_top_pad
                0x00018ff0        0x4 /usr/local/arm-none-eabi/lib/libc.a(lib_a-mallocr.o)
                0x00018ff0                __malloc_top_pad
 .bss.__malloc_current_mallinfo
                0x00018ff4       0x28 /usr/local/arm-none-eabi/lib/libc.a(lib_a-mallocr.o)
                0x00018ff4                __malloc_current_mallinfo
                0x0001901c                __bss_end = .
 COMMON         0x0001901c        0xc uart.o
                0x0001901c                ReadSemaphore
                0x00019020                DataAvailSemaphore
                0x00019024                WriteSemaphore
 COMMON         0x00019028        0x4 /usr/local/arm-none-eabi/lib/libc.a(lib_a-reent.o)
                0x00019028                errno

.heap           0x00000000        0x0
                0x00000000                heap_start = .
                0x08010000                _estack = (ORIGIN (RAM) + 0x8000000)
LOAD /usr/local/lib/gcc/arm-none-eabi/4.7.3/libgcc.a
LOAD /usr/local/arm-none-eabi/lib/libc.a
OUTPUT(demo.elf elf32-littlearm)

.debug_info     0x00000000     0x38dd
 .debug_info    0x00000000      0x4ae croutine.o
 .debug_info    0x000004ae      0x1c6 gpio.o
 .debug_info    0x00000674      0x2e8 heap_4.o
 .debug_info    0x0000095c      0x357 interrupts.o
 .debug_info    0x00000cb3      0x2ae list.o
 .debug_info    0x00000f61      0x1b7 portisr.o
 .debug_info    0x00001118      0x27b port.o
 .debug_info    0x00001393      0x797 queue.o
 .debug_info    0x00001b2a      0xdf5 tasks.o
 .debug_info    0x0000291f      0x1cb uart.o
 .debug_info    0x00002aea      0x434 /home/snigel/rpi/repo/src/Demo/build/Demo/libc_arch.o
 .debug_info    0x00002f1e      0x9bf /home/snigel/rpi/repo/src/Demo/build/Demo/main.o

.debug_abbrev   0x00000000      0xeeb
 .debug_abbrev  0x00000000      0x185 croutine.o
 .debug_abbrev  0x00000185       0xd2 gpio.o
 .debug_abbrev  0x00000257      0x199 heap_4.o
 .debug_abbrev  0x000003f0      0x182 interrupts.o
 .debug_abbrev  0x00000572       0xba list.o
 .debug_abbrev  0x0000062c       0xd9 portisr.o
 .debug_abbrev  0x00000705      0x148 port.o
 .debug_abbrev  0x0000084d      0x132 queue.o
 .debug_abbrev  0x0000097f      0x1da tasks.o
 .debug_abbrev  0x00000b59       0xd8 uart.o
 .debug_abbrev  0x00000c31      0x113 /home/snigel/rpi/repo/src/Demo/build/Demo/libc_arch.o
 .debug_abbrev  0x00000d44      0x1a7 /home/snigel/rpi/repo/src/Demo/build/Demo/main.o

.debug_loc      0x00000000     0x11e0
 .debug_loc     0x00000000      0x134 croutine.o
 .debug_loc     0x00000134       0x58 gpio.o
 .debug_loc     0x0000018c      0x108 heap_4.o
 .debug_loc     0x00000294      0x1b8 interrupts.o
 .debug_loc     0x0000044c       0xdc list.o
 .debug_loc     0x00000528       0x84 portisr.o
 .debug_loc     0x000005ac       0xdc port.o
 .debug_loc     0x00000688      0x2c0 queue.o
 .debug_loc     0x00000948      0x5d8 tasks.o
 .debug_loc     0x00000f20      0x108 uart.o
 .debug_loc     0x00001028      0x134 /home/snigel/rpi/repo/src/Demo/build/Demo/libc_arch.o
 .debug_loc     0x0000115c       0x84 /home/snigel/rpi/repo/src/Demo/build/Demo/main.o

.debug_aranges  0x00000000      0x180
 .debug_aranges
                0x00000000       0x20 croutine.o
 .debug_aranges
                0x00000020       0x20 gpio.o
 .debug_aranges
                0x00000040       0x20 heap_4.o
 .debug_aranges
                0x00000060       0x20 interrupts.o
 .debug_aranges
                0x00000080       0x20 list.o
 .debug_aranges
                0x000000a0       0x20 portisr.o
 .debug_aranges
                0x000000c0       0x20 port.o
 .debug_aranges
                0x000000e0       0x20 queue.o
 .debug_aranges
                0x00000100       0x20 tasks.o
 .debug_aranges
                0x00000120       0x20 uart.o
 .debug_aranges
                0x00000140       0x20 /home/snigel/rpi/repo/src/Demo/build/Demo/libc_arch.o
 .debug_aranges
                0x00000160       0x20 /home/snigel/rpi/repo/src/Demo/build/Demo/main.o

.debug_line     0x00000000     0x12c4
 .debug_line    0x00000000      0x1e9 croutine.o
 .debug_line    0x000001e9       0x75 gpio.o
 .debug_line    0x0000025e      0x128 heap_4.o
 .debug_line    0x00000386      0x120 interrupts.o
 .debug_line    0x000004a6      0x136 list.o
 .debug_line    0x000005dc       0xaf portisr.o
 .debug_line    0x0000068b      0x11b port.o
 .debug_line    0x000007a6      0x296 queue.o
 .debug_line    0x00000a3c      0x496 tasks.o
 .debug_line    0x00000ed2      0x163 uart.o
 .debug_line    0x00001035      0x108 /home/snigel/rpi/repo/src/Demo/build/Demo/libc_arch.o
 .debug_line    0x0000113d      0x187 /home/snigel/rpi/repo/src/Demo/build/Demo/main.o

.debug_str      0x00000000     0x1ada
 .debug_str     0x00000000      0x3cf croutine.o
                                0x411 (size before relaxing)
 .debug_str     0x000003cf       0xd5 gpio.o
                                0x14d (size before relaxing)
 .debug_str     0x000004a4      0x213 heap_4.o
                                0x2b1 (size before relaxing)
 .debug_str     0x000006b7      0x1cb interrupts.o
                                0x235 (size before relaxing)
 .debug_str     0x00000882       0xbe list.o
                                0x242 (size before relaxing)
 .debug_str     0x00000940       0xda portisr.o
                                0x14b (size before relaxing)
 .debug_str     0x00000a1a      0x109 port.o
                                0x231 (size before relaxing)
 .debug_str     0x00000b23      0x336 queue.o
                                0x4de (size before relaxing)
 .debug_str     0x00000e59      0x656 tasks.o
                                0x8e3 (size before relaxing)
 .debug_str     0x000014af       0xe7 uart.o
                                0x1ec (size before relaxing)
 .debug_str     0x00001596      0x17b /home/snigel/rpi/repo/src/Demo/build/Demo/libc_arch.o
                                0x299 (size before relaxing)
 .debug_str     0x00001711      0x3c9 /home/snigel/rpi/repo/src/Demo/build/Demo/main.o
                                0x502 (size before relaxing)

.comment        0x00000000       0x70
 .comment       0x00000000       0x70 croutine.o
                                 0x71 (size before relaxing)
 .comment       0x00000000       0x71 gpio.o
 .comment       0x00000000       0x71 heap_4.o
 .comment       0x00000000       0x71 interrupts.o
 .comment       0x00000000       0x71 list.o
 .comment       0x00000000       0x71 portisr.o
 .comment       0x00000000       0x71 port.o
 .comment       0x00000000       0x71 queue.o
 .comment       0x00000000       0x71 tasks.o
 .comment       0x00000000       0x71 uart.o
 .comment       0x00000000       0x71 /home/snigel/rpi/repo/src/Demo/build/Demo/libc_arch.o
 .comment       0x00000000       0x71 /home/snigel/rpi/repo/src/Demo/build/Demo/main.o

.ARM.attributes
                0x00000000       0x2c
 .ARM.attributes
                0x00000000       0x2e croutine.o
 .ARM.attributes
                0x0000002e       0x2e gpio.o
 .ARM.attributes
                0x0000005c       0x2e heap_4.o
 .ARM.attributes
                0x0000008a       0x2e interrupts.o
 .ARM.attributes
                0x000000b8       0x2e list.o
 .ARM.attributes
                0x000000e6       0x2e portisr.o
 .ARM.attributes
                0x00000114       0x2e port.o
 .ARM.attributes
                0x00000142       0x2e queue.o
 .ARM.attributes
                0x00000170       0x2e tasks.o
 .ARM.attributes
                0x0000019e       0x2e uart.o
 .ARM.attributes
                0x000001cc       0x2e /home/snigel/rpi/repo/src/Demo/build/Demo/libc_arch.o
 .ARM.attributes
                0x000001fa       0x2e /home/snigel/rpi/repo/src/Demo/build/Demo/main.o
 .ARM.attributes
                0x00000228       0x14 /home/snigel/rpi/repo/src/Demo/build/Demo/startup.o
 .ARM.attributes
                0x0000023c       0x30 /usr/local/arm-none-eabi/lib/libc.a(lib_a-impure.o)
 .ARM.attributes
                0x0000026c       0x30 /usr/local/arm-none-eabi/lib/libc.a(lib_a-memcpy.o)
 .ARM.attributes
                0x0000029c       0x30 /usr/local/arm-none-eabi/lib/libc.a(lib_a-memset.o)
 .ARM.attributes
                0x000002cc       0x30 /usr/local/arm-none-eabi/lib/libc.a(lib_a-puts.o)
 .ARM.attributes
                0x000002fc       0x30 /usr/local/arm-none-eabi/lib/libc.a(lib_a-rget.o)
 .ARM.attributes
                0x0000032c       0x30 /usr/local/arm-none-eabi/lib/libc.a(lib_a-strlen.o)
 .ARM.attributes
                0x0000035c       0x30 /usr/local/arm-none-eabi/lib/libc.a(lib_a-strncpy.o)
 .ARM.attributes
                0x0000038c       0x30 /usr/local/arm-none-eabi/lib/libc.a(lib_a-wbuf.o)
 .ARM.attributes
                0x000003bc       0x30 /usr/local/arm-none-eabi/lib/libc.a(lib_a-wsetup.o)
 .ARM.attributes
                0x000003ec       0x30 /usr/local/arm-none-eabi/lib/libc.a(lib_a-fflush.o)
 .ARM.attributes
                0x0000041c       0x30 /usr/local/arm-none-eabi/lib/libc.a(lib_a-findfp.o)
 .ARM.attributes
                0x0000044c       0x30 /usr/local/arm-none-eabi/lib/libc.a(lib_a-freer.o)
 .ARM.attributes
                0x0000047c       0x30 /usr/local/arm-none-eabi/lib/libc.a(lib_a-fvwrite.o)
 .ARM.attributes
                0x000004ac       0x30 /usr/local/arm-none-eabi/lib/libc.a(lib_a-fwalk.o)
 .ARM.attributes
                0x000004dc       0x30 /usr/local/arm-none-eabi/lib/libc.a(lib_a-makebuf.o)
 .ARM.attributes
                0x0000050c       0x30 /usr/local/arm-none-eabi/lib/libc.a(lib_a-mallocr.o)
 .ARM.attributes
                0x0000053c       0x30 /usr/local/arm-none-eabi/lib/libc.a(lib_a-memchr.o)
 .ARM.attributes
                0x0000056c       0x30 /usr/local/arm-none-eabi/lib/libc.a(lib_a-memmove.o)
 .ARM.attributes
                0x0000059c       0x30 /usr/local/arm-none-eabi/lib/libc.a(lib_a-mlock.o)
 .ARM.attributes
                0x000005cc       0x30 /usr/local/arm-none-eabi/lib/libc.a(lib_a-reallocr.o)
 .ARM.attributes
                0x000005fc       0x30 /usr/local/arm-none-eabi/lib/libc.a(lib_a-refill.o)
 .ARM.attributes
                0x0000062c       0x30 /usr/local/arm-none-eabi/lib/libc.a(lib_a-sbrkr.o)
 .ARM.attributes
                0x0000065c       0x30 /usr/local/arm-none-eabi/lib/libc.a(lib_a-stdio.o)
 .ARM.attributes
                0x0000068c       0x30 /usr/local/arm-none-eabi/lib/libc.a(lib_a-writer.o)
 .ARM.attributes
                0x000006bc       0x30 /usr/local/arm-none-eabi/lib/libc.a(lib_a-closer.o)
 .ARM.attributes
                0x000006ec       0x30 /usr/local/arm-none-eabi/lib/libc.a(lib_a-fclose.o)
 .ARM.attributes
                0x0000071c       0x30 /usr/local/arm-none-eabi/lib/libc.a(lib_a-fstatr.o)
 .ARM.attributes
                0x0000074c       0x30 /usr/local/arm-none-eabi/lib/libc.a(lib_a-isattyr.o)
 .ARM.attributes
                0x0000077c       0x30 /usr/local/arm-none-eabi/lib/libc.a(lib_a-lseekr.o)
 .ARM.attributes
                0x000007ac       0x30 /usr/local/arm-none-eabi/lib/libc.a(lib_a-readr.o)
 .ARM.attributes
                0x000007dc       0x30 /usr/local/arm-none-eabi/lib/libc.a(lib_a-reent.o)

.debug_frame    0x00000000     0x1368
 .debug_frame   0x00000000       0xd4 croutine.o
 .debug_frame   0x000000d4       0x40 gpio.o
 .debug_frame   0x00000114       0xa8 heap_4.o
 .debug_frame   0x000001bc      0x118 interrupts.o
 .debug_frame   0x000002d4       0x88 list.o
 .debug_frame   0x0000035c       0x78 portisr.o
 .debug_frame   0x000003d4       0x94 port.o
 .debug_frame   0x00000468      0x1c4 queue.o
 .debug_frame   0x0000062c      0x3b0 tasks.o
 .debug_frame   0x000009dc       0xc4 uart.o
 .debug_frame   0x00000aa0       0xc0 /home/snigel/rpi/repo/src/Demo/build/Demo/libc_arch.o
 .debug_frame   0x00000b60       0x64 /home/snigel/rpi/repo/src/Demo/build/Demo/main.o
 .debug_frame   0x00000bc4       0x2c /usr/local/arm-none-eabi/lib/libc.a(lib_a-memcpy.o)
 .debug_frame   0x00000bf0       0x28 /usr/local/arm-none-eabi/lib/libc.a(lib_a-memset.o)
 .debug_frame   0x00000c18       0x3c /usr/local/arm-none-eabi/lib/libc.a(lib_a-puts.o)
 .debug_frame   0x00000c54       0x3c /usr/local/arm-none-eabi/lib/libc.a(lib_a-rget.o)
 .debug_frame   0x00000c90       0x20 /usr/local/arm-none-eabi/lib/libc.a(lib_a-strlen.o)
 .debug_frame   0x00000cb0       0x2c /usr/local/arm-none-eabi/lib/libc.a(lib_a-strncpy.o)
 .debug_frame   0x00000cdc       0x3c /usr/local/arm-none-eabi/lib/libc.a(lib_a-wbuf.o)
 .debug_frame   0x00000d18       0x2c /usr/local/arm-none-eabi/lib/libc.a(lib_a-wsetup.o)
 .debug_frame   0x00000d44       0x48 /usr/local/arm-none-eabi/lib/libc.a(lib_a-fflush.o)
 .debug_frame   0x00000d8c      0x134 /usr/local/arm-none-eabi/lib/libc.a(lib_a-findfp.o)
 .debug_frame   0x00000ec0       0x50 /usr/local/arm-none-eabi/lib/libc.a(lib_a-freer.o)
 .debug_frame   0x00000f10       0x38 /usr/local/arm-none-eabi/lib/libc.a(lib_a-fvwrite.o)
 .debug_frame   0x00000f48       0x54 /usr/local/arm-none-eabi/lib/libc.a(lib_a-fwalk.o)
 .debug_frame   0x00000f9c       0x30 /usr/local/arm-none-eabi/lib/libc.a(lib_a-makebuf.o)
 .debug_frame   0x00000fcc       0x38 /usr/local/arm-none-eabi/lib/libc.a(lib_a-mallocr.o)
 .debug_frame   0x00001004       0x2c /usr/local/arm-none-eabi/lib/libc.a(lib_a-memchr.o)
 .debug_frame   0x00001030       0x2c /usr/local/arm-none-eabi/lib/libc.a(lib_a-memmove.o)
 .debug_frame   0x0000105c       0x30 /usr/local/arm-none-eabi/lib/libc.a(lib_a-mlock.o)
 .debug_frame   0x0000108c       0x38 /usr/local/arm-none-eabi/lib/libc.a(lib_a-reallocr.o)
 .debug_frame   0x000010c4       0x44 /usr/local/arm-none-eabi/lib/libc.a(lib_a-refill.o)
 .debug_frame   0x00001108       0x2c /usr/local/arm-none-eabi/lib/libc.a(lib_a-sbrkr.o)
 .debug_frame   0x00001134       0x88 /usr/local/arm-none-eabi/lib/libc.a(lib_a-stdio.o)
 .debug_frame   0x000011bc       0x2c /usr/local/arm-none-eabi/lib/libc.a(lib_a-writer.o)
 .debug_frame   0x000011e8       0x2c /usr/local/arm-none-eabi/lib/libc.a(lib_a-closer.o)
 .debug_frame   0x00001214       0x3c /usr/local/arm-none-eabi/lib/libc.a(lib_a-fclose.o)
 .debug_frame   0x00001250       0x2c /usr/local/arm-none-eabi/lib/libc.a(lib_a-fstatr.o)
 .debug_frame   0x0000127c       0x2c /usr/local/arm-none-eabi/lib/libc.a(lib_a-isattyr.o)
 .debug_frame   0x000012a8       0x2c /usr/local/arm-none-eabi/lib/libc.a(lib_a-lseekr.o)
 .debug_frame   0x000012d4       0x2c /usr/local/arm-none-eabi/lib/libc.a(lib_a-readr.o)
 .debug_frame   0x00001300       0x68 /usr/local/arm-none-eabi/lib/libc.a(lib_a-reent.o)
